node.exe : WARN OpenNext is not fully 
compatible with Windows.
At line:1 char:1
+ & "C:\Program Files\nodejs/node.exe" 
"C:\Program Files\nodejs/node_mo ...
+ ~~~~~~~~~~~~~~~~~~~~~~~~~~~~~~~~~~~~~~~~~
~~~~~~~~~~~~~~~~~~~~~~~~~~~~
    + CategoryInfo          : NotSpecified 
   : (WARN OpenNext i...e with Windows.:S  
  tring) [], RemoteException
    + FullyQualifiedErrorId : NativeComman 
   dError
 
WARN For optimal performance, it is 
recommended to use Windows Subsystem for 
Linux (WSL).
WARN While OpenNext may function on 
Windows, it could encounter unpredictable 
failures during runtime.
opennextjs-cloudflare build

Build an OpenNext Cloudflare worker

Options:
      --help                        Show 
help                          [boolean]
      --version                     Show 
version number                [boolean]
  -c, --config                      Path 
to Wrangler configuration file [string]
      --configPath                  Path 
to Wrangler configuration file
                                           
                [deprecated] [string]
  -e, --env                         
Wrangler environment to use for operations
                                           
                             [string]
  -s, --skipNextBuild, --skipBuild  Skip 
building the Next.js app
                                           
           [boolean] [default: false]
      --noMinify                    
Disable worker minification
                                           
           [boolean] [default: false]
      --skipWranglerConfigCheck     Skip 
checking for a Wrangler config
                                           
           [boolean] [default: false]
      --openNextConfigPath          Path 
to the OpenNext configuration file
                                           
                             [string]

Error: The `open-next.config.ts` should 
have a default export like this:

{
  default: {
    override: {
      wrapper: "cloudflare-node",
      converter: "edge",
      proxyExternalRequest: "fetch",
      incrementalCache: "dummy" | function,
      tagCache: "dummy" | function,
      queue: "dummy" | "direct" | function,
    },
  },
  edgeExternals: ["node:crypto"],
  middleware: {
    external: true,
    override: {
      wrapper: "cloudflare-edge",
      converter: "edge",
      proxyExternalRequest: "fetch",
      incrementalCache: "dummy" | function,
      tagCache: "dummy" | function,
      queue: "dummy" | "direct" | function,
    },
  },
}


    at ensureCloudflareConfig (file:///D:/G
arayi-cloud/node_modules/@opennextjs/cloudf
lare/dist/cli/build/utils/ensure-cf-config.
js:62:15)
    at compileConfig (file:///D:/Garayi-clo
ud/node_modules/@opennextjs/cloudflare/dist
/cli/commands/utils.js:40:5)
    at async buildCommand (file:///D:/Garay
i-cloud/node_modules/@opennextjs/cloudflare
/dist/cli/commands/build.js:11:34)
